*ERR5069949.2151832	1
genome	120
*ERR5069949.576388	1
genome	47
*ERR5069949.501486	1
genome	116
*ERR5069949.1331889	1
genome	102
*ERR5069949.2161340	1
genome	50
*ERR5069949.973930	0
*ERR5069949.2417063	1
genome	120
*ERR5069949.376959	1
genome	121
*ERR5069949.1088785	0
*ERR5069949.1066259	1
genome	117
*ERR5069949.2832676	1
genome	109
*ERR5069949.2953930	1
genome	121
*ERR5069949.324865	0
*ERR5069949.2185111	1
genome	104
*ERR5069949.937422	1
genome	100
*ERR5069949.2431709	0
*ERR5069949.1246538	1
genome	118
*ERR5069949.1189252	1
genome	68
*ERR5069949.2216307	1
genome	98
*ERR5069949.3273002	1
genome	97
*ERR5069949.3277445	1
genome	121
*ERR5069949.3022231	1
genome	117
*ERR5069949.184542	0
*ERR5069949.540529	1
genome	119
*ERR5069949.686090	1
genome	114
*ERR5069949.2787556	1
genome	63
*ERR5069949.2650879	1
genome	120
*ERR5069949.2064910	1
genome	102
*ERR5069949.2328704	1
genome	120
*ERR5069949.1067032	1
genome	99
*ERR5069949.3338256	1
genome	121
*ERR5069949.1412839	1
genome	117
*ERR5069949.1538968	1
genome	120
*ERR5069949.147998	1
genome	64
*ERR5069949.366975	1
genome	76
*ERR5069949.1372331	1
genome	121
*ERR5069949.1709367	1
genome	94
*ERR5069949.2388984	1
genome	120
*ERR5069949.1132353	1
genome	120
*ERR5069949.1151736	1
genome	121
*ERR5069949.479807	1
genome	120
*ERR5069949.2176303	1
genome	121
*ERR5069949.2772897	1
genome	117
*ERR5069949.1020777	1
genome	92
*ERR5069949.465452	1
genome	98
*ERR5069949.1704586	1
genome	119
*ERR5069949.1258508	1
genome	121
*ERR5069949.986441	0
*ERR5069949.2674295	1
genome	118
*ERR5069949.885966	0
*ERR5069949.2342766	1
genome	121
*ERR5069949.3122970	1
genome	97
*ERR5069949.3279513	0
*ERR5069949.309410	1
genome	121
*ERR5069949.532979	1
genome	119
*ERR5069949.2888794	1
genome	121
*ERR5069949.2205229	1
genome	112
*ERR5069949.786562	1
genome	121
*ERR5069949.919671	1
genome	121
*ERR5069949.1328186	1
genome	121
*ERR5069949.870926	1
genome	119
*ERR5069949.2257580	1
genome	121
*ERR5069949.3249622	0
*ERR5069949.611123	1
genome	95
*ERR5069949.651338	0
*ERR5069949.169513	1
genome	62
*ERR5069949.155944	0
*ERR5069949.2033605	1
genome	120
*ERR5069949.2730382	1
genome	112
*ERR5069949.2125592	1
genome	120
*ERR5069949.1062611	1
genome	121
*ERR5069949.1778133	1
genome	117
*ERR5069949.3057020	1
genome	60
*ERR5069949.2972968	0
*ERR5069949.2734474	1
genome	119
*ERR5069949.856527	1
genome	100
*ERR5069949.2098070	1
genome	121
*ERR5069949.1552198	1
genome	120
*ERR5069949.2385514	1
genome	120
*ERR5069949.2270078	1
genome	121
*ERR5069949.114870	1
genome	120
*ERR5069949.2668880	1
genome	117
*ERR5069949.257821	1
genome	109
*ERR5069949.2243023	1
genome	120
*ERR5069949.2605155	1
genome	116
*ERR5069949.1340552	1
genome	121
*ERR5069949.1561137	1
genome	120
*ERR5069949.2361683	1
genome	119
*ERR5069949.2521353	0
*ERR5069949.1261808	0
*ERR5069949.2734873	1
genome	68
*ERR5069949.3017828	1
genome	77
*ERR5069949.573706	1
genome	97
*ERR5069949.1980512	1
genome	121
*ERR5069949.1014693	1
genome	120
*ERR5069949.3184655	1
genome	120
*ERR5069949.29668	0
*ERR5069949.3258358	0
*ERR5069949.1476386	1
genome	121
*ERR5069949.2415814	1
genome	120
